
> tywaky@0.0.0 build
> vite build

[36mvite v7.3.1 [32mbuilding client environment for production...[36m[39m
transforming...
[32mÔ£ô[39m 3 modules transformed.
node.exe : [31mÔ£ù[39m Build failed in 55ms
At line:1 char:1
+ & "C:\Program Files\nodejs/node.exe" "C:\Program 
Files\nodejs/node_mo ...
+ 
~~~~~~~~~~~~~~~~~~~~~~~~~~~~~~~~~~~~~~~~~~~~~~~~~~~~~~~~~~~~~~~~~~~~~
    + CategoryInfo          : NotSpecified: ([31mÔ£ù[39m Build fail 
   ed in 55ms:String) [], RemoteException
    + FullyQualifiedErrorId : NativeCommandError
 
[31merror during build:
[31m[vite:esbuild] Transform failed with 1 error:
C:/Users/joaos/Desktop/TYWAKY/src/App.jsx:757:0: ERROR: Unterminated 
string literal[31m
file: [36mC:/Users/joaos/Desktop/TYWAKY/src/App.jsx:757:0[31m
[33m
[33mUnterminated string literal[33m
755 |  export default App
756 |    ```
757 |  
    |  ^
[31m
    at failureErrorWithLog (C:\Users\joaos\Desktop\TYWAKY\node_modules
\esbuild\lib\main.js:1467:15)
    at 
C:\Users\joaos\Desktop\TYWAKY\node_modules\esbuild\lib\main.js:736:50
    at responseCallbacks.<computed> 
(C:\Users\joaos\Desktop\TYWAKY\node_modules\esbuild\lib\main.js:603:9)
    at handleIncomingPacket (C:\Users\joaos\Desktop\TYWAKY\node_module
s\esbuild\lib\main.js:658:12)
    at Socket.readFromStdout 
(C:\Users\joaos\Desktop\TYWAKY\node_modules\esbuild\lib\main.js:581:7)
    at Socket.emit (node:events:508:28)
    at addChunk (node:internal/streams/readable:559:12)
    at readableAddChunkPushByteMode 
(node:internal/streams/readable:510:3)
    at Readable.push (node:internal/streams/readable:390:5)
    at Pipe.onStreamRead 
(node:internal/stream_base_commons:189:23)[39m
